[1] "Aguarde, pode demorar até dois minutos para retornar a resposta."
Auto-refreshing stale OAuth token.
Error: Token vazio
Retrying in 15 seconds.
Error: Token vazio
Retrying in 15 seconds.
Error: Token vazio
Retrying in 15 seconds.
Error: Token vazio
Retrying in 15 seconds.
Error: Token vazio
Retrying in 15 seconds.
Error: Token vazio
Retrying in 15 seconds.
Error: Token vazio
Retrying in 15 seconds.
Error: Token vazio
Retrying in 15 seconds.
Error: Token vazio
Retrying in 15 seconds.
Error: Token vazio
Retrying in 15 seconds.
Error: Token vazio
Retrying in 15 seconds.
Error: Token vazio
Error in tjsp::autenticar(email_provider = "gmail") : 
  Não foi possível gerar o token
Calls: reautenticar -> <Anonymous>
Execução interrompida
